Python 3.4.0 (default, Apr 11 2014, 13:05:11) 
[GCC 4.8.2] on linux
Type "help", "copyright", "credits" or "license" for more information.
>>> >>> >>> >>> >>> Employee('Honey', '1000')
<__main__.Employee object at 0x7f59f4bc7ba8>
>>> Employee.displayCount()
Traceback (most recent call last):
  File "<stdin>", line 1, in <module>
TypeError: displayCount() missing 1 required positional argument: 'self'
>>> emp2 = Employee('Honey', '1000')
>>> emp2.displayCount()
Total Employee 2
>>> Employee.empcount()
Traceback (most recent call last):
  File "<stdin>", line 1, in <module>
TypeError: 'int' object is not callable
>>> Employee.empcount
2
>>> Employee.__dict__
mappingproxy({'__init__': <function Employee.__init__ at 0x7f59f4beca60>, '__module__': '__main__', '__doc__': None, 'displayEmployee': <function Employee.displayEmployee at 0x7f59f4becb70>, 'empcount': 2, '__weakref__': <attribute '__weakref__' of 'Employee' objects>, 'displayCount': <function Employee.displayCount at 0x7f59f4becae8>, '__dict__': <attribute '__dict__' of 'Employee' objects>})
>>> a = Book('Honey', 'man', 2001)
>>> a
<__main__.Book object at 0x7f59f4bc7978>
>>> a.save_book()
>>> y = pickle.load('test')
Traceback (most recent call last):
  File "<stdin>", line 1, in <module>
TypeError: file must have 'read' and 'readline' attributes
>>> y = pickle.load(open('test', 'rb'))